15:31:54 **** Incremental Build of configuration Debug for project periph ****
make all 
make --no-print-directory pre-build
a9-linaro-pre-build-step
' '
make --no-print-directory main-build
'Building file: ../src/testperiph.c'
'Invoking: ARM v7 gcc compiler'
arm-none-eabi-gcc -Wall -O0 -g3 -c -fmessage-length=0 -MT"src/testperiph.o" -mcpu=cortex-a9 -mfpu=vfpv3 -mfloat-abi=hard -IE:/FPGA/visit/myzynq/export/myzynq/sw/myzynq/standalone_domain/bspinclude/include -MMD -MP -MF"src/testperiph.d" -MT"src/testperiph.o" -o "src/testperiph.o" "../src/testperiph.c"
'Finished building: ../src/testperiph.c'
' '
'Building target: periph.elf'
'Invoking: ARM v7 gcc linker'
arm-none-eabi-gcc -mcpu=cortex-a9 -mfpu=vfpv3 -mfloat-abi=hard -Wl,-build-id=none -specs=Xilinx.spec -Wl,-T -Wl,../src/lscript.ld -LE:/FPGA/visit/myzynq/export/myzynq/sw/myzynq/standalone_domain/bsplib/lib -o "periph.elf"  ./src/testperiph.o ./src/xcanps_intr_example.o ./src/xcanps_polled_example.o ./src/xdevcfg_selftest_example.o ./src/xdmaps_example_w_intr.o ./src/xgpio_tapp_example.o ./src/xiicps_selftest_example.o ./src/xqspips_selftest_example.o ./src/xscugic_tapp_example.o ./src/xscutimer_intr_example.o ./src/xscutimer_polled_example.o ./src/xscuwdt_intr_example.o ./src/xttcps_tapp_example.o   -Wl,--start-group,-lxil,-lgcc,-lc,--end-group
'Finished building target: periph.elf'
' '
'Invoking: ARM v7 Print Size'
arm-none-eabi-size periph.elf  |tee "periph.elf.size"
   text	   data	    bss	    dec	    hex	filename
 107280	   3584	  34832	 145696	  23920	periph.elf
'Finished building: periph.elf.size'
' '

15:32:03 Build Finished (took 9s.278ms)

